// Jest Snapshot v1, https://goo.gl/fbAQLP

exports[`organisations dashboard page the page should render 1`] = `
"<main class=\\"nhsuk-main-wrapper\\" id=\\"maincontent\\" data-test-id=\\"main-content\\">
        
  <div class=\\"nhsuk-width-container\\" data-test-id=\\"organisations\\">
    <div data-test-id=\\"go-back-link\\">
      <div class=\\"nhsuk-back-link\\">
  <a class=\\"nhsuk-back-link__link\\" href=\\"http://localhost:3000/re-login\\">
  <svg class=\\"nhsuk-icon nhsuk-icon__chevron-left\\" xmlns=\\"http://www.w3.org/2000/svg\\" viewBox=\\"0 0 24 24\\" aria-hidden=\\"true\\" height=\\"24\\" width=\\"24\\">
    <path d=\\"M8.5 12c0-.3.1-.5.3-.7l5-5c.4-.4 1-.4 1.4 0s.4 1 0 1.4L10.9 12l4.3 4.3c.4.4.4 1 0 1.4s-1 .4-1.4 0l-5-5c-.2-.2-.3-.4-.3-.7z\\"></path>
  </svg>
  Go back to previous page</a>
</div>

    </div>
    <h1 data-test-id=\\"org-dashboard-title\\" class=\\"nhsuk-u-margin-top-7 nhsuk-u-margin-bottom-3\\">Manage organisations and users</h1>
    <p data-test-id=\\"org-dashboard-description\\" class=\\"nhsuk-heading-l nhsuk-u-font-size-22 nhsuk-u-margin-bottom-9\\">Edit existing account information or add new users to an organisation.</p>

    <div data-test-id=\\"add-org-button\\">
      


  
    
  




<a class=\\"nhsuk-button nhsuk-u-margin-bottom-9\\" href=\\"/organisations/find\\" draggable=\\"false\\">
  Add an organisation
</a>



    </div>

    <div data-test-id=\\"org-table\\" class=\\"nhsuk-u-font-size-19\\">
      
  <table data-test-id=\\"table\\" class=\\"\\" style=\\"page-break-inside:auto\\">
    
    
      <thead data-test-id=\\"table-headings\\" style=\\"display:table-header-group;\\">
        
          <tr><th data-test-id=\\"column-heading-0\\" class=\\"nhsuk-u-padding-bottom-0 \\" style=\\"width:\\">
            <div data-test-id=\\"column-heading-0-data\\" class=\\"nhsuk-u-font-weight-bold\\">Organisation name</div>
            
            
          </th>
        
          <th data-test-id=\\"column-heading-1\\" class=\\"nhsuk-u-padding-bottom-0 \\" style=\\"width:\\">
            <div data-test-id=\\"column-heading-1-data\\" class=\\"nhsuk-u-font-weight-bold\\">ODS code</div>
            
            
          </th>
        
      </tr></thead>
    

    <tbody>
    
      <tr data-test-id=\\"table-row-0\\" style=\\"page-break-inside:avoid; page-break-after:auto\\">
        
          
          <td class=\\"nhsuk-u-padding-bottom-0\\" style=\\"border-bottom-style: solid\\">

            
              <a data-test-id=\\"org-name-org1\\" href=\\"/organisations/org1\\">A lovely organisation</a>
            

            
          </td>
        
          
          <td class=\\"nhsuk-u-padding-bottom-0\\" style=\\"border-bottom-style: solid\\">

            
              
  
    
    <div data-test-id=\\"ods-code-org1\\" class=\\"bc-c-data-text \\">ODS1</div>
  

            

            
          </td>
        
      </tr>
    
      <tr data-test-id=\\"table-row-1\\" style=\\"page-break-inside:avoid; page-break-after:auto\\">
        
          
          <td class=\\"nhsuk-u-padding-bottom-0\\" style=\\"border-bottom-style: solid\\">

            
              <a data-test-id=\\"org-name-org2\\" href=\\"/organisations/org2\\">Another lovely organisation</a>
            

            
          </td>
        
          
          <td class=\\"nhsuk-u-padding-bottom-0\\" style=\\"border-bottom-style: solid\\">

            
              
  
    
    <div data-test-id=\\"ods-code-org2\\" class=\\"bc-c-data-text \\">ODS2</div>
  

            

            
          </td>
        
      </tr>
    
    </tbody>
    
  </table>

    </div>
  </div>

      </main>"
`;
